\BOOKMARK [1][-]{section.1}{\376\377\137\025\212\000}{}% 1
\BOOKMARK [1][-]{section.2}{\376\377\166\370\121\163\135\345\117\134}{}% 2
\BOOKMARK [1][-]{section.3}{\376\377\145\271\154\325}{}% 3
\BOOKMARK [2][-]{subsection.3.1}{\376\377\230\204\131\007\116\016\213\260\123\367}{section.3}% 4
\BOOKMARK [2][-]{subsection.3.2}{\376\377\225\356\230\230\377\032\137\002\136\070\117\247\213\355\116\111\217\307\133\275}{section.3}% 5
\BOOKMARK [2][-]{subsection.3.3}{\376\377\213\373\123\326\232\330\230\221\117\134\116\072\145\340\150\007\173\176\117\235\143\156}{section.3}% 6
\BOOKMARK [2][-]{subsection.3.4}{\376\377\213\301\143\156\220\011\142\351}{section.3}% 7
\BOOKMARK [2][-]{subsection.3.5}{\376\377\220\020\126\376\145\066\175\047\137\002\136\070\117\247}{section.3}% 8
\BOOKMARK [1][-]{section.4}{\376\377\133\236\232\214}{}% 9
\BOOKMARK [2][-]{subsection.4.1}{\376\377\121\167\117\123\137\002\136\070\143\317\217\360\166\204\145\066\166\312\377\010\122\250\147\072\232\214\213\301\377\011}{section.4}% 10
\BOOKMARK [2][-]{subsection.4.2}{\376\377\116\073\176\323\147\234}{section.4}% 11
\BOOKMARK [2][-]{subsection.4.3}{\376\377\116\016\226\366\150\067\147\054\145\271\154\325\166\204\152\052\124\021\133\371\153\324}{section.4}% 12
\BOOKMARK [1][-]{section.5}{\376\377\122\006\147\220}{}% 13
\BOOKMARK [2][-]{subsection.5.1}{\376\377\145\066\175\047\117\341\123\367\116\316\117\125\200\014\147\145\377\010\150\070\137\303\147\072\122\066\377\011}{section.5}% 14
\BOOKMARK [2][-]{subsection.5.2}{\376\377\130\236\166\312\226\306\116\055\116\216\176\271\164\006\174\173}{section.5}% 15
\BOOKMARK [2][-]{subsection.5.3}{\376\377\000C\000L\000I\000P\000\040\166\362\123\072\123\354\126\336}{section.5}% 16
\BOOKMARK [2][-]{subsection.5.4}{\376\377\215\205\123\302\145\117\141\037\140\047}{section.5}% 17
\BOOKMARK [2][-]{subsection.5.5}{\376\377\153\143\136\070\126\376\172\063\133\232\140\047\116\016\137\000\225\000}{section.5}% 18
\BOOKMARK [2][-]{subsection.5.6}{\376\377\133\232\140\047\133\371\153\324}{section.5}% 19
\BOOKMARK [1][-]{section.6}{\376\377\176\323\213\272}{}% 20
\BOOKMARK [1][-]{appendix.A}{\376\377\226\104\137\125}{}% 21
\BOOKMARK [2][-]{subsection.A.1}{\376\377\213\276\213\241\155\210\207\215\377\032\232\330\230\221\140\016\116\110\213\373\060\001\146\364\145\260\140\016\116\110\120\132}{appendix.A}% 22
\BOOKMARK [2][-]{subsection.A.2}{\376\377\121\150\134\100\213\276\177\156\000\040\000v\000s\000.\000\040\220\020\145\160\143\156\226\306\214\003\123\302}{appendix.A}% 23
\BOOKMARK [2][-]{subsection.A.3}{\376\377\153\143\116\244\130\236\137\072}{appendix.A}% 24
\BOOKMARK [2][-]{subsection.A.4}{\376\377\133\236\163\260\116\016\131\015\163\260\213\364\146\016}{appendix.A}% 25
